
> ai-enabled-hospital-management@0.1.0 build
> next build

Γû▓ Next.js 16.1.6 (Turbopack)

  Creating an optimized production build ...
node.exe : 
At line:1 char:1
+ & "C:\Program Files\nodejs/node.exe" "C:\Program 
Files\nodejs/node_mo ...
+ ~~~~~~~~~~~~~~~~~~~~~~~~~~~~~~~~~~~~~~~~~~~~~~~~~~~
~~~~~~~~~~~~~~~~~~
    + CategoryInfo          : NotSpecified: (:String 
   ) [], RemoteException
    + FullyQualifiedErrorId : NativeCommandError
 
> Build error occurred
Error: Turbopack build failed with 1 errors:
./src/components/Layout/Sidebar.tsx:2:10
Ecmascript file had an error
[0m [90m 1 |[39m [36mimport[39m [33mLink[39m 
[36mfrom[39m [32m'next/link'[39m[33m;[39m
[31m[1m>[22m[39m[90m 2 |[39m [36mimport[39m 
{ usePathname } [36mfrom[39m 
[32m'next/navigation'[39m[33m;[39m
 [90m   |[39m          [31m[1m^[22m[39m[31m[1
m^[22m[39m[31m[1m^[22m[39m[31m[1m^[22m[39m
[31m[1m^[22m[39m[31m[1m^[22m[39m[31m[1m^[22
m[39m[31m[1m^[22m[39m[31m[1m^[22m[39m[31m[
1m^[22m[39m[31m[1m^[22m[39m
 [90m 3 |[39m [36mimport[39m { 
[33mHome[39m[33m,[39m 
[33mUserPlus[39m[33m,[39m 
[33mCalendar[39m[33m,[39m 
[33mActivity[39m[33m,[39m 
[33mLayoutDashboard[39m } [36mfrom[39m 
[32m'lucide-react'[39m[33m;[39m
 [90m 4 |[39m
 [90m 5 |[39m [36mexport[39m [36mdefault[39m 
[36mfunction[39m [33mSidebar[39m() {[0m

You're importing a component that needs 
`usePathname`. This React Hook only works in a 
Client Component. To fix, mark the file (or its 
parent) with the `"use client"` directive.

 Learn more: https://nextjs.org/docs/app/api-referenc
e/directives/use-client



Import trace:
  Server Component:
    ./src/components/Layout/Sidebar.tsx
    ./src/app/layout.tsx


    at <unknown> 
(./src/components/Layout/Sidebar.tsx:2:10)
